08:32:14 **** Incremental Build of configuration Debug for project BT_usb_dongle ****
make -j4 all 
arm-none-eabi-size   BT_usb_dongle.elf 
   text	   data	    bss	    dec	    hex	filename
  16988	    464	   5704	  23156	   5a74	BT_usb_dongle.elf
Finished building: default.size.stdout
 
08:32:21 **** Incremental Build of configuration Debug for project adxl_test ****
make -j4 all 
arm-none-eabi-size   adxl_test.elf 
   text	   data	    bss	    dec	    hex	filename
  15108	    120	   1944	  17172	   4314	adxl_test.elf
Finished building: default.size.stdout
 
08:32:22 **** Incremental Build of configuration Debug for project BT_usb_dongle ****
make -j4 all 
arm-none-eabi-size   BT_usb_dongle.elf 
   text	   data	    bss	    dec	    hex	filename
  16988	    464	   5704	  23156	   5a74	BT_usb_dongle.elf
Finished building: default.size.stdout
 
08:32:36 **** Incremental Build of configuration Debug for project adxl_test ****
make -j4 all 
arm-none-eabi-size   adxl_test.elf 
   text	   data	    bss	    dec	    hex	filename
  15108	    120	   1944	  17172	   4314	adxl_test.elf
Finished building: default.size.stdout
 
08:33:27 **** Incremental Build of configuration Debug for project BT_usb_dongle ****
make -j4 all 
arm-none-eabi-size   BT_usb_dongle.elf 
   text	   data	    bss	    dec	    hex	filename
  16988	    464	   5704	  23156	   5a74	BT_usb_dongle.elf
Finished building: default.size.stdout
 
08:37:11 **** Incremental Build of configuration Debug for project BT_usb_dongle ****
make -j4 all 
arm-none-eabi-size   BT_usb_dongle.elf 
   text	   data	    bss	    dec	    hex	filename
  16988	    464	   5704	  23156	   5a74	BT_usb_dongle.elf
Finished building: default.size.stdout
 
08:38:23 **** Incremental Build of configuration Debug for project BT_usb_dongle ****
make -j4 all 
arm-none-eabi-size   BT_usb_dongle.elf 
   text	   data	    bss	    dec	    hex	filename
  16988	    464	   5704	  23156	   5a74	BT_usb_dongle.elf
Finished building: default.size.stdout
 
