../Drivers/STM32F1xx_HAL_Driver/Src/stm32f1xx_hal_uart.c:2788:13:UART_EndRxTransfer	0	static
../Drivers/STM32F1xx_HAL_Driver/Src/stm32f1xx_hal_uart.c:3142:13:UART_SetConfig	8	static
../Drivers/STM32F1xx_HAL_Driver/Src/stm32f1xx_hal_uart.c:2742:26:UART_WaitOnFlagUntilTimeout.constprop	24	static
../Drivers/STM32F1xx_HAL_Driver/Src/stm32f1xx_hal_uart.c:3101:26:UART_Receive_IT.isra	8	static
../Drivers/STM32F1xx_HAL_Driver/Src/stm32f1xx_hal_uart.c:687:13:HAL_UART_MspInit	0	static
../Drivers/STM32F1xx_HAL_Driver/Src/stm32f1xx_hal_uart.c:314:19:HAL_UART_Init	8	static
../Drivers/STM32F1xx_HAL_Driver/Src/stm32f1xx_hal_uart.c:406:19:HAL_HalfDuplex_Init	8	static
../Drivers/STM32F1xx_HAL_Driver/Src/stm32f1xx_hal_uart.c:481:19:HAL_LIN_Init	16	static
../Drivers/STM32F1xx_HAL_Driver/Src/stm32f1xx_hal_uart.c:564:19:HAL_MultiProcessor_Init	16	static
../Drivers/STM32F1xx_HAL_Driver/Src/stm32f1xx_hal_uart.c:702:13:HAL_UART_MspDeInit	0	static
../Drivers/STM32F1xx_HAL_Driver/Src/stm32f1xx_hal_uart.c:643:19:HAL_UART_DeInit	8	static
../Drivers/STM32F1xx_HAL_Driver/Src/stm32f1xx_hal_uart.c:1042:19:HAL_UART_Transmit	32	static
../Drivers/STM32F1xx_HAL_Driver/Src/stm32f1xx_hal_uart.c:1131:19:HAL_UART_Receive	32	static
../Drivers/STM32F1xx_HAL_Driver/Src/stm32f1xx_hal_uart.c:1221:19:HAL_UART_Transmit_IT	0	static
../Drivers/STM32F1xx_HAL_Driver/Src/stm32f1xx_hal_uart.c:1266:19:HAL_UART_Receive_IT	0	static
../Drivers/STM32F1xx_HAL_Driver/Src/stm32f1xx_hal_uart.c:1307:10:HAL_UART_Receive_gets	0	static,ignoring_inline_asm
../Drivers/STM32F1xx_HAL_Driver/Src/stm32f1xx_hal_uart.c:1321:19:HAL_UART_Free_Receive_buf	0	static,ignoring_inline_asm
../Drivers/STM32F1xx_HAL_Driver/Src/stm32f1xx_hal_uart.c:1351:19:HAL_UART_Transmit_DMA	16	static
../Drivers/STM32F1xx_HAL_Driver/Src/stm32f1xx_hal_uart.c:1419:19:HAL_UART_Receive_DMA	24	static
../Drivers/STM32F1xx_HAL_Driver/Src/stm32f1xx_hal_uart.c:1486:19:HAL_UART_DMAPause	0	static
../Drivers/STM32F1xx_HAL_Driver/Src/stm32f1xx_hal_uart.c:1523:19:HAL_UART_DMAResume	8	static
../Drivers/STM32F1xx_HAL_Driver/Src/stm32f1xx_hal_uart.c:1559:19:HAL_UART_DMAStop	8	static
../Drivers/STM32F1xx_HAL_Driver/Src/stm32f1xx_hal_uart.c:1611:19:HAL_UART_Abort	8	static
../Drivers/STM32F1xx_HAL_Driver/Src/stm32f1xx_hal_uart.c:1693:19:HAL_UART_AbortTransmit	8	static
../Drivers/STM32F1xx_HAL_Driver/Src/stm32f1xx_hal_uart.c:1744:19:HAL_UART_AbortReceive	8	static
../Drivers/STM32F1xx_HAL_Driver/Src/stm32f1xx_hal_uart.c:2219:13:HAL_UART_TxCpltCallback	0	static
../Drivers/STM32F1xx_HAL_Driver/Src/stm32f1xx_hal_uart.c:2594:13:UART_DMATransmitCplt	8	static
../Drivers/STM32F1xx_HAL_Driver/Src/stm32f1xx_hal_uart.c:2234:13:HAL_UART_TxHalfCpltCallback	0	static
../Drivers/STM32F1xx_HAL_Driver/Src/stm32f1xx_hal_uart.c:2629:13:UART_DMATxHalfCplt	8	static
../Drivers/STM32F1xx_HAL_Driver/Src/stm32f1xx_hal_uart.c:2249:13:HAL_UART_RxCpltCallback	0	static
../Drivers/STM32F1xx_HAL_Driver/Src/stm32f1xx_hal_uart.c:2648:13:UART_DMAReceiveCplt	8	static
../Drivers/STM32F1xx_HAL_Driver/Src/stm32f1xx_hal_uart.c:2264:13:HAL_UART_RxHalfCpltCallback	0	static
../Drivers/STM32F1xx_HAL_Driver/Src/stm32f1xx_hal_uart.c:2682:13:UART_DMARxHalfCplt	8	static
../Drivers/STM32F1xx_HAL_Driver/Src/stm32f1xx_hal_uart.c:2279:13:HAL_UART_ErrorCallback	0	static
../Drivers/STM32F1xx_HAL_Driver/Src/stm32f1xx_hal_uart.c:2701:13:UART_DMAError	8	static
../Drivers/STM32F1xx_HAL_Driver/Src/stm32f1xx_hal_uart.c:2073:6:HAL_UART_IRQHandler	16	static
../Drivers/STM32F1xx_HAL_Driver/Src/stm32f1xx_hal_uart.c:2805:13:UART_DMAAbortOnError	8	static
../Drivers/STM32F1xx_HAL_Driver/Src/stm32f1xx_hal_uart.c:2293:13:HAL_UART_AbortCpltCallback	0	static
../Drivers/STM32F1xx_HAL_Driver/Src/stm32f1xx_hal_uart.c:1798:19:HAL_UART_Abort_IT	8	static
../Drivers/STM32F1xx_HAL_Driver/Src/stm32f1xx_hal_uart.c:2874:13:UART_DMARxAbortCallback	8	static
../Drivers/STM32F1xx_HAL_Driver/Src/stm32f1xx_hal_uart.c:2829:13:UART_DMATxAbortCallback	8	static
../Drivers/STM32F1xx_HAL_Driver/Src/stm32f1xx_hal_uart.c:2308:13:HAL_UART_AbortTransmitCpltCallback	0	static
../Drivers/STM32F1xx_HAL_Driver/Src/stm32f1xx_hal_uart.c:1926:19:HAL_UART_AbortTransmit_IT	8	static
../Drivers/STM32F1xx_HAL_Driver/Src/stm32f1xx_hal_uart.c:2919:13:UART_DMATxOnlyAbortCallback	8	static
../Drivers/STM32F1xx_HAL_Driver/Src/stm32f1xx_hal_uart.c:2323:13:HAL_UART_AbortReceiveCpltCallback	0	static
../Drivers/STM32F1xx_HAL_Driver/Src/stm32f1xx_hal_uart.c:2003:19:HAL_UART_AbortReceive_IT	8	static
../Drivers/STM32F1xx_HAL_Driver/Src/stm32f1xx_hal_uart.c:2947:13:UART_DMARxOnlyAbortCallback	8	static
../Drivers/STM32F1xx_HAL_Driver/Src/stm32f1xx_hal_uart.c:2362:19:HAL_LIN_SendBreak	0	static
../Drivers/STM32F1xx_HAL_Driver/Src/stm32f1xx_hal_uart.c:2389:19:HAL_MultiProcessor_EnterMuteMode	0	static
../Drivers/STM32F1xx_HAL_Driver/Src/stm32f1xx_hal_uart.c:2416:19:HAL_MultiProcessor_ExitMuteMode	0	static
../Drivers/STM32F1xx_HAL_Driver/Src/stm32f1xx_hal_uart.c:2443:19:HAL_HalfDuplex_EnableTransmitter	0	static
../Drivers/STM32F1xx_HAL_Driver/Src/stm32f1xx_hal_uart.c:2478:19:HAL_HalfDuplex_EnableReceiver	0	static
../Drivers/STM32F1xx_HAL_Driver/Src/stm32f1xx_hal_uart.c:2535:23:HAL_UART_GetState	0	static
../Drivers/STM32F1xx_HAL_Driver/Src/stm32f1xx_hal_uart.c:2550:10:HAL_UART_GetError	0	static
